error in two funs local variable 'driver' referenced before assignmenterror in two funs local variable 'driver' referenced before assignmenterror in two funs local variable 'driver' referenced before assignmenterror in two funs local variable 'driver' referenced before assignmenterror in two funs local variable 'driver' referenced before assignmenterror in two funs local variable 'driver' referenced before assignmenterror in two funs local variable 'driver' referenced before assignmenterror in two funs local variable 'driver' referenced before assignmenterror in two funs local variable 'driver' referenced before assignmenterror in two funs local variable 'driver' referenced before assignmenterror in two funs local variable 'driver' referenced before assignmenterror in two funs local variable 'driver' referenced before assignment